1 - wsf2ex6Control - Application started (proc name: wsf2ex6Control, DB root point: :Appl_data:wsf2ex6)
1 - wsf2ex6 wsf2ex6Control ACTION DEBUG (Init)
1 - wsf2ex6 wsf2ex6Control ACTION EXIT (Init)
1 - wsf2ex6 wsf2ex6Control ACTION INIT (Init)
1 - wsf2ex6 wsf2ex6Control ACTION OFF (Init)
1 - wsf2ex6 wsf2ex6Control ACTION ONLINE (Init)
1 - wsf2ex6 wsf2ex6Control ACTION SELFTST (Init)
1 - wsf2ex6 wsf2ex6Control ACTION SIMULAT (Init)
1 - wsf2ex6 wsf2ex6Control ACTION STANDBY (Init)
1 - wsf2ex6 wsf2ex6Control ACTION STATE (Init)
1 - wsf2ex6 wsf2ex6Control ACTION STATUS (Init)
1 - wsf2ex6 wsf2ex6Control ACTION STOP (Init)
1 - wsf2ex6 wsf2ex6Control ACTION TRACE (Init)
1 - wsf2ex6 wsf2ex6Control ACTION VERBOSE (Init)
1 - wsf2ex6 wsf2ex6Control ACTION VERSION (Init)
1 - wsf2ex6 wsf2ex6Control STATE from   to LOADED IDLE
1 - wsf2ex6 - Entering the main loop.
2 - wsf2ex6TestLog: #####################################################################
2 - wsf2ex6TestLog: 
2 - wsf2ex6TestLog: TEST 1: Test of Standard commands
2 - wsf2ex6TestLog: 
2 - wsf2ex6TestLog: #####################################################################
2 - wsf2ex6TestLog: 
2 - wsf2ex6TestLog: STEP 0: Inializing the test environment
2 - wsf2ex6TestLog: 
2 - wsf2ex6TestLog: Waiting for the wsf2ex6Control process to be ready
2 - wsf2ex6TestLog: #####################################################################
2 - wsf2ex6TestLog: 
2 - wsf2ex6TestLog: STEP 1: Test  standard commands one by one
2 - wsf2ex6TestLog: 
2 - wsf2ex6TestLog: -------------
2 - wsf2ex6TestLog: (cmd0) Command to wsf2ex6Control: VERSION {}
2 - wsf2ex6TestLog: (cmd0) Normal reply.
2 - wsf2ex6TestLog: (cmd0) Reply: wsf2ex6 @(#) $Id
2 - wsf2ex6TestLog: (cmd0) Normal reply expected --> test OK.
2 - wsf2ex6TestLog: -------------
2 - wsf2ex6TestLog: (cmd0) Command to wsf2ex6Control: STATE {}
2 - wsf2ex6TestLog: (cmd0) Normal reply.
2 - wsf2ex6TestLog: (cmd0) Reply: LOADED
2 - wsf2ex6TestLog: (cmd0) Normal reply expected --> test OK.
2 - wsf2ex6TestLog: -------------
2 - wsf2ex6TestLog: (cmd0) Command to wsf2ex6Control: STATUS {}
2 - wsf2ex6TestLog: (cmd0) Normal reply.
2 - wsf2ex6TestLog: (cmd0) Reply: Process status LOADED IDLE
2 - wsf2ex6TestLog: (cmd0) Normal reply expected --> test OK.
2 - wsf2ex6TestLog: -------------
2 - wsf2ex6TestLog: (cmd0) Command to wsf2ex6Control: SELFTST {}
2 - wsf2ex6TestLog: (cmd0) Normal reply.
2 - wsf2ex6TestLog: (cmd0) Reply: OK
2 - wsf2ex6TestLog: (cmd0) Normal reply expected --> test OK.
2 - wsf2ex6TestLog: -------------
2 - wsf2ex6TestLog: (cmd0) Command to wsf2ex6Control: VERBOSE On
2 - wsf2ex6TestLog: (cmd0) Normal reply.
2 - wsf2ex6TestLog: (cmd0) Reply: OK
2 - wsf2ex6TestLog: (cmd0) Normal reply expected --> test OK.
2 - wsf2ex6TestLog: DB Value for Appl_data:wsf2ex6:control.verbose: ON
2 - wsf2ex6TestLog: -------------
2 - wsf2ex6TestLog: (cmd0) Command to wsf2ex6Control: VERBOSE Console
2 - wsf2ex6TestLog: (cmd0) Normal reply.
2 - wsf2ex6TestLog: (cmd0) Reply: OK
2 - wsf2ex6TestLog: (cmd0) Normal reply expected --> test OK.
2 - wsf2ex6TestLog: DB Value for Appl_data:wsf2ex6:control.verbose: CONSOLE
2 - wsf2ex6TestLog: -------------
2 - wsf2ex6TestLog: (cmd0) Command to wsf2ex6Control: DEBUG On
2 - wsf2ex6TestLog: (cmd0) Normal reply.
2 - wsf2ex6TestLog: (cmd0) Reply: OK
2 - wsf2ex6TestLog: (cmd0) Normal reply expected --> test OK.
2 - wsf2ex6TestLog: DB Value for Appl_data:wsf2ex6:control.debug: 1
2 - wsf2ex6TestLog: -------------
2 - wsf2ex6TestLog: (cmd0) Command to wsf2ex6Control: DEBUG Off
2 - wsf2ex6TestLog: (cmd0) Normal reply.
2 - wsf2ex6TestLog: (cmd0) Reply: OK
2 - wsf2ex6TestLog: (cmd0) Normal reply expected --> test OK.
2 - wsf2ex6TestLog: DB Value for Appl_data:wsf2ex6:control.debug: 0
2 - wsf2ex6TestLog: -------------
2 - wsf2ex6TestLog: (cmd0) Command to wsf2ex6Control: SIMULAT {}
2 - wsf2ex6TestLog: (cmd0) Normal reply.
2 - wsf2ex6TestLog: (cmd0) Reply: OK
2 - wsf2ex6TestLog: (cmd0) Normal reply expected --> test OK.
2 - wsf2ex6TestLog: DB Value for Appl_data:wsf2ex6:control.simulation: 1
2 - wsf2ex6TestLog: -------------
2 - wsf2ex6TestLog: (cmd0) Command to wsf2ex6Control: STOPSIM {}
2 - wsf2ex6TestLog: (cmd0) Normal reply.
2 - wsf2ex6TestLog: (cmd0) Reply: OK
2 - wsf2ex6TestLog: (cmd0) Normal reply expected --> test OK.
2 - wsf2ex6TestLog: DB Value for Appl_data:wsf2ex6:control.simulation: 0
2 - wsf2ex6TestLog: -------------
2 - wsf2ex6TestLog: (cmd0) Command to wsf2ex6Control: STATUS {}
2 - wsf2ex6TestLog: (cmd0) Normal reply.
2 - wsf2ex6TestLog: (cmd0) Reply: Process status LOADED IDLE
2 - wsf2ex6TestLog: (cmd0) Normal reply expected --> test OK.
2 - wsf2ex6TestLog: -------------
2 - wsf2ex6TestLog: (cmd0) Command to wsf2ex6Control: STATE {}
2 - wsf2ex6TestLog: (cmd0) Normal reply.
2 - wsf2ex6TestLog: (cmd0) Reply: LOADED
2 - wsf2ex6TestLog: (cmd0) Normal reply expected --> test OK.
2 - wsf2ex6TestLog: DB Value for Appl_data:wsf2ex6:control.state: 2
2 - wsf2ex6TestLog: DB Value for Appl_data:wsf2ex6:control.substate: 7
2 - wsf2ex6TestLog: -------------
2 - wsf2ex6TestLog: (cmd0) Command to wsf2ex6Control: INIT {}
2 - wsf2ex6TestLog: (cmd0) Normal reply.
2 - wsf2ex6TestLog: (cmd0) Reply: OK
2 - wsf2ex6TestLog: (cmd0) Normal reply expected --> test OK.
2 - wsf2ex6TestLog: -------------
2 - wsf2ex6TestLog: (cmd0) Command to wsf2ex6Control: STATUS {}
2 - wsf2ex6TestLog: (cmd0) Normal reply.
2 - wsf2ex6TestLog: (cmd0) Reply: Process status LOADED IDLE
2 - wsf2ex6TestLog: (cmd0) Normal reply expected --> test OK.
2 - wsf2ex6TestLog: -------------
2 - wsf2ex6TestLog: (cmd0) Command to wsf2ex6Control: STATE {}
2 - wsf2ex6TestLog: (cmd0) Normal reply.
2 - wsf2ex6TestLog: (cmd0) Reply: LOADED
2 - wsf2ex6TestLog: (cmd0) Normal reply expected --> test OK.
2 - wsf2ex6TestLog: DB Value for Appl_data:wsf2ex6:control.state: 2
2 - wsf2ex6TestLog: DB Value for Appl_data:wsf2ex6:control.substate: 7
2 - wsf2ex6TestLog: -------------
2 - wsf2ex6TestLog: (cmd0) Command to wsf2ex6Control: OFF {}
2 - wsf2ex6TestLog: (cmd0) Normal reply.
2 - wsf2ex6TestLog: (cmd0) Reply: OK
2 - wsf2ex6TestLog: (cmd0) Normal reply expected --> test OK.
2 - wsf2ex6TestLog: -------------
2 - wsf2ex6TestLog: (cmd0) Command to wsf2ex6Control: STATUS {}
2 - wsf2ex6TestLog: (cmd0) Normal reply.
2 - wsf2ex6TestLog: (cmd0) Reply: Process status OFF IDLE
2 - wsf2ex6TestLog: (cmd0) Normal reply expected --> test OK.
2 - wsf2ex6TestLog: -------------
2 - wsf2ex6TestLog: (cmd0) Command to wsf2ex6Control: STATE {}
2 - wsf2ex6TestLog: (cmd0) Normal reply.
2 - wsf2ex6TestLog: (cmd0) Reply: OFF
2 - wsf2ex6TestLog: (cmd0) Normal reply expected --> test OK.
2 - wsf2ex6TestLog: DB Value for Appl_data:wsf2ex6:control.state: 1
2 - wsf2ex6TestLog: DB Value for Appl_data:wsf2ex6:control.substate: 7
2 - wsf2ex6TestLog: -------------
2 - wsf2ex6TestLog: (cmd0) Command to wsf2ex6Control: ONLINE {}
2 - wsf2ex6TestLog: (cmd0) Normal reply.
2 - wsf2ex6TestLog: (cmd0) Reply: OK
2 - wsf2ex6TestLog: (cmd0) Normal reply expected --> test OK.
2 - wsf2ex6TestLog: -------------
2 - wsf2ex6TestLog: (cmd0) Command to wsf2ex6Control: STATUS {}
2 - wsf2ex6TestLog: (cmd0) Normal reply.
2 - wsf2ex6TestLog: (cmd0) Reply: Process status ONLINE IDLE
2 - wsf2ex6TestLog: (cmd0) Normal reply expected --> test OK.
2 - wsf2ex6TestLog: -------------
2 - wsf2ex6TestLog: (cmd0) Command to wsf2ex6Control: STATE {}
2 - wsf2ex6TestLog: (cmd0) Normal reply.
2 - wsf2ex6TestLog: (cmd0) Reply: ONLINE
2 - wsf2ex6TestLog: (cmd0) Normal reply expected --> test OK.
2 - wsf2ex6TestLog: DB Value for Appl_data:wsf2ex6:control.state: 4
2 - wsf2ex6TestLog: DB Value for Appl_data:wsf2ex6:control.substate: 7
2 - wsf2ex6TestLog: -------------
2 - wsf2ex6TestLog: (cmd0) Command to wsf2ex6Control: STANDBY {}
2 - wsf2ex6TestLog: (cmd0) Normal reply.
2 - wsf2ex6TestLog: (cmd0) Reply: OK
2 - wsf2ex6TestLog: (cmd0) Normal reply expected --> test OK.
2 - wsf2ex6TestLog: -------------
2 - wsf2ex6TestLog: (cmd0) Command to wsf2ex6Control: STATUS {}
2 - wsf2ex6TestLog: (cmd0) Normal reply.
2 - wsf2ex6TestLog: (cmd0) Reply: Process status STANDBY IDLE
2 - wsf2ex6TestLog: (cmd0) Normal reply expected --> test OK.
2 - wsf2ex6TestLog: -------------
2 - wsf2ex6TestLog: (cmd0) Command to wsf2ex6Control: STATE {}
2 - wsf2ex6TestLog: (cmd0) Normal reply.
2 - wsf2ex6TestLog: (cmd0) Reply: STANDBY
2 - wsf2ex6TestLog: (cmd0) Normal reply expected --> test OK.
2 - wsf2ex6TestLog: DB Value for Appl_data:wsf2ex6:control.state: 3
2 - wsf2ex6TestLog: DB Value for Appl_data:wsf2ex6:control.substate: 7
2 - wsf2ex6TestLog: -------------
2 - wsf2ex6TestLog: (cmd0) Command to wsf2ex6Control: STOP {}
2 - wsf2ex6TestLog: (cmd0) Normal reply.
2 - wsf2ex6TestLog: (cmd0) Reply: OK
2 - wsf2ex6TestLog: (cmd0) Normal reply expected --> test OK.
2 - wsf2ex6TestLog: -------------
2 - wsf2ex6TestLog: (cmd0) Command to wsf2ex6Control: STATUS {}
2 - wsf2ex6TestLog: (cmd0) Normal reply.
2 - wsf2ex6TestLog: (cmd0) Reply: Process status STANDBY IDLE
2 - wsf2ex6TestLog: (cmd0) Normal reply expected --> test OK.
2 - wsf2ex6TestLog: -------------
2 - wsf2ex6TestLog: (cmd0) Command to wsf2ex6Control: STATE {}
2 - wsf2ex6TestLog: (cmd0) Normal reply.
2 - wsf2ex6TestLog: (cmd0) Reply: STANDBY
2 - wsf2ex6TestLog: (cmd0) Normal reply expected --> test OK.
2 - wsf2ex6TestLog: DB Value for Appl_data:wsf2ex6:control.state: 3
2 - wsf2ex6TestLog: DB Value for Appl_data:wsf2ex6:control.substate: 7
2 - wsf2ex6TestLog: -------------
2 - wsf2ex6TestLog: (cmd0) Command to wsf2ex6Control: ONLINE {}
2 - wsf2ex6TestLog: (cmd0) Normal reply.
2 - wsf2ex6TestLog: (cmd0) Reply: OK
2 - wsf2ex6TestLog: (cmd0) Normal reply expected --> test OK.
2 - wsf2ex6TestLog: -------------
2 - wsf2ex6TestLog: (cmd0) Command to wsf2ex6Control: STOP {}
2 - wsf2ex6TestLog: (cmd0) Normal reply.
2 - wsf2ex6TestLog: (cmd0) Reply: OK
2 - wsf2ex6TestLog: (cmd0) Normal reply expected --> test OK.
2 - wsf2ex6TestLog: -------------
2 - wsf2ex6TestLog: (cmd0) Command to wsf2ex6Control: STATUS {}
2 - wsf2ex6TestLog: (cmd0) Normal reply.
2 - wsf2ex6TestLog: (cmd0) Reply: Process status ONLINE IDLE
2 - wsf2ex6TestLog: (cmd0) Normal reply expected --> test OK.
2 - wsf2ex6TestLog: -------------
2 - wsf2ex6TestLog: (cmd0) Command to wsf2ex6Control: STATE {}
2 - wsf2ex6TestLog: (cmd0) Normal reply.
2 - wsf2ex6TestLog: (cmd0) Reply: ONLINE
2 - wsf2ex6TestLog: (cmd0) Normal reply expected --> test OK.
2 - wsf2ex6TestLog: DB Value for Appl_data:wsf2ex6:control.state: 4
2 - wsf2ex6TestLog: DB Value for Appl_data:wsf2ex6:control.substate: 7
2 - wsf2ex6TestLog: -------------
2 - wsf2ex6TestLog: (cmd0) Command to wsf2ex6Control: ONLINE {}
2 - wsf2ex6TestLog: (cmd0) Normal reply.
2 - wsf2ex6TestLog: (cmd0) Reply: OK
2 - wsf2ex6TestLog: (cmd0) Normal reply expected --> test OK.
2 - wsf2ex6TestLog: -------------
2 - wsf2ex6TestLog: (cmd0) Command to wsf2ex6Control: STATUS {}
2 - wsf2ex6TestLog: (cmd0) Normal reply.
2 - wsf2ex6TestLog: (cmd0) Reply: Process status ONLINE IDLE
2 - wsf2ex6TestLog: (cmd0) Normal reply expected --> test OK.
2 - wsf2ex6TestLog: -------------
2 - wsf2ex6TestLog: (cmd0) Command to wsf2ex6Control: STATE {}
2 - wsf2ex6TestLog: (cmd0) Normal reply.
2 - wsf2ex6TestLog: (cmd0) Reply: ONLINE
2 - wsf2ex6TestLog: (cmd0) Normal reply expected --> test OK.
2 - wsf2ex6TestLog: DB Value for Appl_data:wsf2ex6:control.state: 4
2 - wsf2ex6TestLog: DB Value for Appl_data:wsf2ex6:control.substate: 7
2 - wsf2ex6TestLog: 
2 - wsf2ex6TestLog: #####################################################################
2 - wsf2ex6TestLog: 
2 - wsf2ex6TestLog: STEP 2: Test standard commands asynchronously
2 - wsf2ex6TestLog: 
2 - wsf2ex6TestLog: -------------
2 - wsf2ex6TestLog: (cmd0) Command to wsf2ex6Control: OFF {}
2 - wsf2ex6TestLog: -------------
2 - wsf2ex6TestLog: (cmd1) Command to wsf2ex6Control: STATUS {}
2 - wsf2ex6TestLog: -------------
2 - wsf2ex6TestLog: (cmd2) Command to wsf2ex6Control: ONLINE {}
2 - wsf2ex6TestLog: -------------
2 - wsf2ex6TestLog: (cmd3) Command to wsf2ex6Control: STATUS {}
2 - wsf2ex6TestLog: -------------
2 - wsf2ex6TestLog: (cmd4) Command to wsf2ex6Control: STANDBY {}
2 - wsf2ex6TestLog: -------------
2 - wsf2ex6TestLog: (cmd5) Command to wsf2ex6Control: STATUS {}
2 - wsf2ex6TestLog: -------------
2 - wsf2ex6TestLog: (cmd6) Command to wsf2ex6Control: STOP {}
2 - wsf2ex6TestLog: -------------
2 - wsf2ex6TestLog: (cmd7) Command to wsf2ex6Control: STATUS {}
2 - wsf2ex6TestLog: -------------
2 - wsf2ex6TestLog: (cmd8) Command to wsf2ex6Control: ONLINE {}
2 - wsf2ex6TestLog: -------------
2 - wsf2ex6TestLog: (cmd9) Command to wsf2ex6Control: STATUS {}
2 - wsf2ex6TestLog: -------------
2 - wsf2ex6TestLog: (cmd10) Command to wsf2ex6Control: STOP {}
2 - wsf2ex6TestLog: -------------
2 - wsf2ex6TestLog: (cmd11) Command to wsf2ex6Control: STATUS {}
2 - wsf2ex6TestLog: -------------
2 - wsf2ex6TestLog: (cmd12) Command to wsf2ex6Control: INIT {}
2 - wsf2ex6TestLog: -------------
2 - wsf2ex6TestLog: (cmd13) Command to wsf2ex6Control: STATUS {}
2 - wsf2ex6TestLog: -------------
2 - wsf2ex6TestLog: (cmd0) Reply: OK
2 - wsf2ex6TestLog: (cmd0) Normal reply expected --> test OK.
2 - wsf2ex6TestLog: -------------
2 - wsf2ex6TestLog: (cmd1) Reply: Process status OFF IDLE
2 - wsf2ex6TestLog: (cmd1) Normal reply expected --> test OK.
2 - wsf2ex6TestLog: -------------
2 - wsf2ex6TestLog: (cmd2) Reply: OK
2 - wsf2ex6TestLog: (cmd2) Normal reply expected --> test OK.
2 - wsf2ex6TestLog: -------------
2 - wsf2ex6TestLog: (cmd3) Reply: Process status ONLINE IDLE
2 - wsf2ex6TestLog: (cmd3) Normal reply expected --> test OK.
2 - wsf2ex6TestLog: -------------
2 - wsf2ex6TestLog: (cmd4) Reply: OK
2 - wsf2ex6TestLog: (cmd4) Normal reply expected --> test OK.
2 - wsf2ex6TestLog: -------------
2 - wsf2ex6TestLog: (cmd5) Reply: Process status STANDBY IDLE
2 - wsf2ex6TestLog: (cmd5) Normal reply expected --> test OK.
2 - wsf2ex6TestLog: -------------
2 - wsf2ex6TestLog: (cmd6) Reply: OK
2 - wsf2ex6TestLog: (cmd6) Normal reply expected --> test OK.
2 - wsf2ex6TestLog: -------------
2 - wsf2ex6TestLog: (cmd7) Reply: Process status STANDBY IDLE
2 - wsf2ex6TestLog: (cmd7) Normal reply expected --> test OK.
2 - wsf2ex6TestLog: -------------
2 - wsf2ex6TestLog: (cmd8) Reply: OK
2 - wsf2ex6TestLog: (cmd8) Normal reply expected --> test OK.
2 - wsf2ex6TestLog: -------------
2 - wsf2ex6TestLog: (cmd9) Reply: Process status ONLINE IDLE
2 - wsf2ex6TestLog: (cmd9) Normal reply expected --> test OK.
2 - wsf2ex6TestLog: -------------
2 - wsf2ex6TestLog: (cmd10) Reply: OK
2 - wsf2ex6TestLog: (cmd10) Normal reply expected --> test OK.
2 - wsf2ex6TestLog: -------------
2 - wsf2ex6TestLog: (cmd11) Reply: Process status ONLINE IDLE
2 - wsf2ex6TestLog: (cmd11) Normal reply expected --> test OK.
2 - wsf2ex6TestLog: -------------
2 - wsf2ex6TestLog: (cmd12) Reply: OK
2 - wsf2ex6TestLog: (cmd12) Normal reply expected --> test OK.
2 - wsf2ex6TestLog: -------------
2 - wsf2ex6TestLog: (cmd13) Reply: Process status LOADED IDLE
2 - wsf2ex6TestLog: (cmd13) Normal reply expected --> test OK.
2 - wsf2ex6TestLog: DB Value for Appl_data:wsf2ex6:control.state: 2
2 - wsf2ex6TestLog: DB Value for Appl_data:wsf2ex6:control.substate: 7
2 - wsf2ex6TestLog: -------------
2 - wsf2ex6TestLog: (cmd13) Command to wsf2ex6Control: OFF {}
2 - wsf2ex6TestLog: -------------
2 - wsf2ex6TestLog: (cmd12) Command to wsf2ex6Control: OFF {}
2 - wsf2ex6TestLog: -------------
2 - wsf2ex6TestLog: (cmd11) Command to wsf2ex6Control: STATUS {}
2 - wsf2ex6TestLog: -------------
2 - wsf2ex6TestLog: (cmd10) Command to wsf2ex6Control: ONLINE {}
2 - wsf2ex6TestLog: -------------
2 - wsf2ex6TestLog: (cmd9) Command to wsf2ex6Control: ONLINE {}
2 - wsf2ex6TestLog: -------------
2 - wsf2ex6TestLog: (cmd8) Command to wsf2ex6Control: STATUS {}
2 - wsf2ex6TestLog: -------------
2 - wsf2ex6TestLog: (cmd7) Command to wsf2ex6Control: STANDBY {}
2 - wsf2ex6TestLog: -------------
2 - wsf2ex6TestLog: (cmd6) Command to wsf2ex6Control: STANDBY {}
2 - wsf2ex6TestLog: -------------
2 - wsf2ex6TestLog: (cmd5) Command to wsf2ex6Control: STATUS {}
2 - wsf2ex6TestLog: -------------
2 - wsf2ex6TestLog: (cmd4) Command to wsf2ex6Control: STOP {}
2 - wsf2ex6TestLog: -------------
2 - wsf2ex6TestLog: (cmd3) Command to wsf2ex6Control: STOP {}
2 - wsf2ex6TestLog: -------------
2 - wsf2ex6TestLog: (cmd2) Command to wsf2ex6Control: STATUS {}
2 - wsf2ex6TestLog: -------------
2 - wsf2ex6TestLog: (cmd1) Command to wsf2ex6Control: ONLINE {}
2 - wsf2ex6TestLog: -------------
2 - wsf2ex6TestLog: (cmd0) Command to wsf2ex6Control: ONLINE {}
2 - wsf2ex6TestLog: -------------
2 - wsf2ex6TestLog: (cmd14) Command to wsf2ex6Control: STATUS {}
2 - wsf2ex6TestLog: -------------
2 - wsf2ex6TestLog: (cmd15) Command to wsf2ex6Control: INIT {}
2 - wsf2ex6TestLog: -------------
2 - wsf2ex6TestLog: (cmd16) Command to wsf2ex6Control: INIT {}
2 - wsf2ex6TestLog: -------------
2 - wsf2ex6TestLog: (cmd17) Command to wsf2ex6Control: STATUS {}
2 - wsf2ex6TestLog: -------------
2 - wsf2ex6TestLog: (cmd13) Reply: OK
2 - wsf2ex6TestLog: (cmd13) Normal reply expected --> test OK.
2 - wsf2ex6TestLog: -------------
2 - wsf2ex6TestLog: (cmd12) Reply: OK
2 - wsf2ex6TestLog: (cmd12) Normal reply expected --> test OK.
2 - wsf2ex6TestLog: -------------
2 - wsf2ex6TestLog: (cmd11) Reply: Process status OFF IDLE
2 - wsf2ex6TestLog: (cmd11) Normal reply expected --> test OK.
2 - wsf2ex6TestLog: -------------
2 - wsf2ex6TestLog: (cmd10) Reply: OK
2 - wsf2ex6TestLog: (cmd10) Normal reply expected --> test OK.
2 - wsf2ex6TestLog: -------------
2 - wsf2ex6TestLog: (cmd9) Reply: OK
2 - wsf2ex6TestLog: (cmd9) Normal reply expected --> test OK.
2 - wsf2ex6TestLog: -------------
2 - wsf2ex6TestLog: (cmd8) Reply: Process status ONLINE IDLE
2 - wsf2ex6TestLog: (cmd8) Normal reply expected --> test OK.
2 - wsf2ex6TestLog: -------------
2 - wsf2ex6TestLog: (cmd7) Reply: OK
2 - wsf2ex6TestLog: (cmd7) Normal reply expected --> test OK.
2 - wsf2ex6TestLog: -------------
2 - wsf2ex6TestLog: (cmd6) Reply: OK
2 - wsf2ex6TestLog: (cmd6) Normal reply expected --> test OK.
2 - wsf2ex6TestLog: -------------
2 - wsf2ex6TestLog: (cmd5) Reply: Process status STANDBY IDLE
2 - wsf2ex6TestLog: (cmd5) Normal reply expected --> test OK.
2 - wsf2ex6TestLog: -------------
2 - wsf2ex6TestLog: (cmd4) Reply: OK
2 - wsf2ex6TestLog: (cmd4) Normal reply expected --> test OK.
2 - wsf2ex6TestLog: -------------
2 - wsf2ex6TestLog: (cmd3) Reply: OK
2 - wsf2ex6TestLog: (cmd3) Normal reply expected --> test OK.
2 - wsf2ex6TestLog: -------------
2 - wsf2ex6TestLog: (cmd2) Reply: Process status STANDBY IDLE
2 - wsf2ex6TestLog: (cmd2) Normal reply expected --> test OK.
2 - wsf2ex6TestLog: -------------
2 - wsf2ex6TestLog: (cmd1) Reply: OK
2 - wsf2ex6TestLog: (cmd1) Normal reply expected --> test OK.
2 - wsf2ex6TestLog: -------------
2 - wsf2ex6TestLog: (cmd0) Reply: OK
2 - wsf2ex6TestLog: (cmd0) Normal reply expected --> test OK.
2 - wsf2ex6TestLog: -------------
2 - wsf2ex6TestLog: (cmd14) Reply: Process status ONLINE IDLE
2 - wsf2ex6TestLog: (cmd14) Normal reply expected --> test OK.
2 - wsf2ex6TestLog: -------------
2 - wsf2ex6TestLog: (cmd15) Reply: OK
2 - wsf2ex6TestLog: (cmd15) Normal reply expected --> test OK.
2 - wsf2ex6TestLog: -------------
2 - wsf2ex6TestLog: (cmd16) Reply: OK
2 - wsf2ex6TestLog: (cmd16) Normal reply expected --> test OK.
2 - wsf2ex6TestLog: -------------
2 - wsf2ex6TestLog: (cmd17) Reply: Process status LOADED IDLE
2 - wsf2ex6TestLog: (cmd17) Normal reply expected --> test OK.
2 - wsf2ex6TestLog: DB Value for Appl_data:wsf2ex6:control.state: 2
2 - wsf2ex6TestLog: DB Value for Appl_data:wsf2ex6:control.substate: 7
2 - wsf2ex6TestLog: 
2 - wsf2ex6TestLog: #####################################################################
2 - wsf2ex6TestLog: 
2 - wsf2ex6TestLog: Test completed !!!
2 - wsf2ex6TestLog: 
2 - wsf2ex6TestLog: #####################################################################
2 - wsf2ex6TestLog: -------------
2 - wsf2ex6TestLog: (cmd17) Command to wsf2ex6Control: EXIT {}
2 - wsf2ex6TestLog: (cmd17) Normal reply.
2 - wsf2ex6TestLog: (cmd17) Reply: OK
2 - wsf2ex6TestLog: (cmd17) Normal reply expected --> test OK.
1 - wsf2ex6 wsf2ex6Control EVENT VERSION (command)
1 - wsf2ex6 wsf2ex6Control ACTION VERSION (Execute)
1 - wsf2ex6 wsf2ex6Control EVENT STATE (command)
1 - wsf2ex6 wsf2ex6Control ACTION STATE (Execute)
1 - wsf2ex6 wsf2ex6Control EVENT STATUS (command)
1 - wsf2ex6 wsf2ex6Control ACTION STATUS (Execute)
1 - wsf2ex6 wsf2ex6Control EVENT SELFTST (command)
1 - wsf2ex6 wsf2ex6Control ACTION SELFTST (Execute)
1 - wsf2ex6 wsf2ex6Control EVENT VERBOSE (command)
1 - wsf2ex6 wsf2ex6Control ACTION VERBOSE (Execute)
1 - wsf2ex6 wsf2ex6Control EVENT VERBOSE (command)
1 - wsf2ex6 wsf2ex6Control ACTION VERBOSE (Execute)
1 - wsf2ex6 wsf2ex6Control EVENT DEBUG (command)
1 - wsf2ex6 wsf2ex6Control ACTION DEBUG (Execute)
1 - wsf2ex6 wsf2ex6Control DEBUG wsf2libCONTROL.C:---- EVENT DEBUG processed
1 - wsf2ex6 wsf2ex6Control DEBUG wsf2libCONTROL.C:---- STATE <LOADED> <IDLE>
1 - wsf2ex6 wsf2ex6Control EVENT DEBUG (command)
1 - wsf2ex6 wsf2ex6Control DEBUG wsf2libCMDH_IN.C:---- Received command DEBUG from @-------:seq_--- (buffer: <Off>)
1 - wsf2ex6 wsf2ex6Control ACTION DEBUG (Execute)
1 - wsf2ex6 wsf2ex6Control EVENT SIMULAT (command)
1 - wsf2ex6 wsf2ex6Control ACTION SIMULAT (Execute)
1 - wsf2ex6 wsf2ex6Control EVENT STOPSIM (command)
1 - wsf2ex6 wsf2ex6Control ACTION SIMULAT (Complete)
1 - wsf2ex6 wsf2ex6Control EVENT STATUS (command)
1 - wsf2ex6 wsf2ex6Control ACTION STATUS (Execute)
1 - wsf2ex6 wsf2ex6Control EVENT STATE (command)
1 - wsf2ex6 wsf2ex6Control ACTION STATE (Execute)
1 - wsf2ex6 wsf2ex6Control EVENT INIT (command)
1 - wsf2ex6 wsf2ex6Control ACTION INIT (Execute)
1 - wsf2ex6 wsf2ex6Control ACTION DEBUG (Init)
1 - wsf2ex6 wsf2ex6Control ACTION EXIT (Init)
1 - wsf2ex6 wsf2ex6Control ACTION INIT (Init)
1 - wsf2ex6 wsf2ex6Control ACTION OFF (Init)
1 - wsf2ex6 wsf2ex6Control ACTION ONLINE (Init)
1 - wsf2ex6 wsf2ex6Control ACTION SELFTST (Init)
1 - wsf2ex6 wsf2ex6Control ACTION SIMULAT (Init)
1 - wsf2ex6 wsf2ex6Control ACTION STANDBY (Init)
1 - wsf2ex6 wsf2ex6Control ACTION STATE (Init)
1 - wsf2ex6 wsf2ex6Control ACTION STATUS (Init)
1 - wsf2ex6 wsf2ex6Control ACTION STOP (Init)
1 - wsf2ex6 wsf2ex6Control ACTION TRACE (Init)
1 - wsf2ex6 wsf2ex6Control ACTION VERBOSE (Init)
1 - wsf2ex6 wsf2ex6Control ACTION VERSION (Init)
1 - wsf2ex6 wsf2ex6Control EVENT STATUS (command)
1 - wsf2ex6 wsf2ex6Control ACTION STATUS (Execute)
1 - wsf2ex6 wsf2ex6Control EVENT STATE (command)
1 - wsf2ex6 wsf2ex6Control ACTION STATE (Execute)
1 - wsf2ex6 wsf2ex6Control EVENT OFF (command)
1 - wsf2ex6 wsf2ex6Control ACTION OFF (Execute)
1 - wsf2ex6 wsf2ex6Control STATE from LOADED IDLE to OFF IDLE
1 - wsf2ex6 wsf2ex6Control EVENT STATUS (command)
1 - wsf2ex6 wsf2ex6Control ACTION STATUS (Execute)
1 - wsf2ex6 wsf2ex6Control EVENT STATE (command)
1 - wsf2ex6 wsf2ex6Control ACTION STATE (Execute)
1 - wsf2ex6 wsf2ex6Control EVENT ONLINE (command)
1 - wsf2ex6 wsf2ex6Control ACTION ONLINE (Execute)
1 - wsf2ex6 wsf2ex6Control STATE from OFF IDLE to ONLINE IDLE
1 - wsf2ex6 wsf2ex6Control EVENT STATUS (command)
1 - wsf2ex6 wsf2ex6Control ACTION STATUS (Execute)
1 - wsf2ex6 wsf2ex6Control EVENT STATE (command)
1 - wsf2ex6 wsf2ex6Control ACTION STATE (Execute)
1 - wsf2ex6 wsf2ex6Control EVENT STANDBY (command)
1 - wsf2ex6 wsf2ex6Control ACTION STANDBY (Execute)
1 - wsf2ex6 wsf2ex6Control STATE from ONLINE IDLE to STANDBY IDLE
1 - wsf2ex6 wsf2ex6Control EVENT STATUS (command)
1 - wsf2ex6 wsf2ex6Control ACTION STATUS (Execute)
1 - wsf2ex6 wsf2ex6Control EVENT STATE (command)
1 - wsf2ex6 wsf2ex6Control ACTION STATE (Execute)
1 - wsf2ex6 wsf2ex6Control EVENT STOP (command)
1 - wsf2ex6 wsf2ex6Control ACTION STOP (Execute)
1 - wsf2ex6 wsf2ex6Control EVENT STATUS (command)
1 - wsf2ex6 wsf2ex6Control ACTION STATUS (Execute)
1 - wsf2ex6 wsf2ex6Control EVENT STATE (command)
1 - wsf2ex6 wsf2ex6Control ACTION STATE (Execute)
1 - wsf2ex6 wsf2ex6Control EVENT ONLINE (command)
1 - wsf2ex6 wsf2ex6Control ACTION ONLINE (Execute)
1 - wsf2ex6 wsf2ex6Control STATE from STANDBY IDLE to ONLINE IDLE
1 - wsf2ex6 wsf2ex6Control EVENT STOP (command)
1 - wsf2ex6 wsf2ex6Control ACTION STOP (Execute)
1 - wsf2ex6 wsf2ex6Control EVENT STATUS (command)
1 - wsf2ex6 wsf2ex6Control ACTION STATUS (Execute)
1 - wsf2ex6 wsf2ex6Control EVENT STATE (command)
1 - wsf2ex6 wsf2ex6Control ACTION STATE (Execute)
1 - wsf2ex6 wsf2ex6Control EVENT ONLINE (command)
1 - wsf2ex6 wsf2ex6Control ACTION ONLINE (Execute)
1 - wsf2ex6 wsf2ex6Control EVENT STATUS (command)
1 - wsf2ex6 wsf2ex6Control ACTION STATUS (Execute)
1 - wsf2ex6 wsf2ex6Control EVENT STATE (command)
1 - wsf2ex6 wsf2ex6Control ACTION STATE (Execute)
1 - wsf2ex6 wsf2ex6Control EVENT OFF (command)
1 - wsf2ex6 wsf2ex6Control ACTION OFF (Execute)
1 - wsf2ex6 wsf2ex6Control STATE from ONLINE IDLE to OFF IDLE
1 - wsf2ex6 wsf2ex6Control EVENT STATUS (command)
1 - wsf2ex6 wsf2ex6Control ACTION STATUS (Execute)
1 - wsf2ex6 wsf2ex6Control EVENT ONLINE (command)
1 - wsf2ex6 wsf2ex6Control ACTION ONLINE (Execute)
1 - wsf2ex6 wsf2ex6Control STATE from OFF IDLE to ONLINE IDLE
1 - wsf2ex6 wsf2ex6Control EVENT STATUS (command)
1 - wsf2ex6 wsf2ex6Control ACTION STATUS (Execute)
1 - wsf2ex6 wsf2ex6Control EVENT STANDBY (command)
1 - wsf2ex6 wsf2ex6Control ACTION STANDBY (Execute)
1 - wsf2ex6 wsf2ex6Control STATE from ONLINE IDLE to STANDBY IDLE
1 - wsf2ex6 wsf2ex6Control EVENT STATUS (command)
1 - wsf2ex6 wsf2ex6Control ACTION STATUS (Execute)
1 - wsf2ex6 wsf2ex6Control EVENT STOP (command)
1 - wsf2ex6 wsf2ex6Control ACTION STOP (Execute)
1 - wsf2ex6 wsf2ex6Control EVENT STATUS (command)
1 - wsf2ex6 wsf2ex6Control ACTION STATUS (Execute)
1 - wsf2ex6 wsf2ex6Control EVENT ONLINE (command)
1 - wsf2ex6 wsf2ex6Control ACTION ONLINE (Execute)
1 - wsf2ex6 wsf2ex6Control STATE from STANDBY IDLE to ONLINE IDLE
1 - wsf2ex6 wsf2ex6Control EVENT STATUS (command)
1 - wsf2ex6 wsf2ex6Control ACTION STATUS (Execute)
1 - wsf2ex6 wsf2ex6Control EVENT STOP (command)
1 - wsf2ex6 wsf2ex6Control ACTION STOP (Execute)
1 - wsf2ex6 wsf2ex6Control EVENT STATUS (command)
1 - wsf2ex6 wsf2ex6Control ACTION STATUS (Execute)
1 - wsf2ex6 wsf2ex6Control EVENT INIT (command)
1 - wsf2ex6 wsf2ex6Control ACTION INIT (Execute)
1 - wsf2ex6 wsf2ex6Control ACTION DEBUG (Init)
1 - wsf2ex6 wsf2ex6Control ACTION EXIT (Init)
1 - wsf2ex6 wsf2ex6Control ACTION INIT (Init)
1 - wsf2ex6 wsf2ex6Control ACTION OFF (Init)
1 - wsf2ex6 wsf2ex6Control ACTION ONLINE (Init)
1 - wsf2ex6 wsf2ex6Control ACTION SELFTST (Init)
1 - wsf2ex6 wsf2ex6Control ACTION SIMULAT (Init)
1 - wsf2ex6 wsf2ex6Control ACTION STANDBY (Init)
1 - wsf2ex6 wsf2ex6Control ACTION STATE (Init)
1 - wsf2ex6 wsf2ex6Control ACTION STATUS (Init)
1 - wsf2ex6 wsf2ex6Control ACTION STOP (Init)
1 - wsf2ex6 wsf2ex6Control ACTION TRACE (Init)
1 - wsf2ex6 wsf2ex6Control ACTION VERBOSE (Init)
1 - wsf2ex6 wsf2ex6Control ACTION VERSION (Init)
1 - wsf2ex6 wsf2ex6Control STATE from ONLINE IDLE to LOADED IDLE
1 - wsf2ex6 wsf2ex6Control EVENT STATUS (command)
1 - wsf2ex6 wsf2ex6Control ACTION STATUS (Execute)
1 - wsf2ex6 wsf2ex6Control EVENT OFF (command)
1 - wsf2ex6 wsf2ex6Control ACTION OFF (Execute)
1 - wsf2ex6 wsf2ex6Control STATE from LOADED IDLE to OFF IDLE
1 - wsf2ex6 wsf2ex6Control EVENT OFF (command)
1 - wsf2ex6 wsf2ex6Control ACTION OFF (Execute)
1 - wsf2ex6 wsf2ex6Control EVENT STATUS (command)
1 - wsf2ex6 wsf2ex6Control ACTION STATUS (Execute)
1 - wsf2ex6 wsf2ex6Control EVENT ONLINE (command)
1 - wsf2ex6 wsf2ex6Control ACTION ONLINE (Execute)
1 - wsf2ex6 wsf2ex6Control STATE from OFF IDLE to ONLINE IDLE
1 - wsf2ex6 wsf2ex6Control EVENT ONLINE (command)
1 - wsf2ex6 wsf2ex6Control ACTION ONLINE (Execute)
1 - wsf2ex6 wsf2ex6Control EVENT STATUS (command)
1 - wsf2ex6 wsf2ex6Control ACTION STATUS (Execute)
1 - wsf2ex6 wsf2ex6Control EVENT STANDBY (command)
1 - wsf2ex6 wsf2ex6Control ACTION STANDBY (Execute)
1 - wsf2ex6 wsf2ex6Control STATE from ONLINE IDLE to STANDBY IDLE
1 - wsf2ex6 wsf2ex6Control EVENT STANDBY (command)
1 - wsf2ex6 wsf2ex6Control ACTION STANDBY (Execute)
1 - wsf2ex6 wsf2ex6Control EVENT STATUS (command)
1 - wsf2ex6 wsf2ex6Control ACTION STATUS (Execute)
1 - wsf2ex6 wsf2ex6Control EVENT STOP (command)
1 - wsf2ex6 wsf2ex6Control ACTION STOP (Execute)
1 - wsf2ex6 wsf2ex6Control EVENT STOP (command)
1 - wsf2ex6 wsf2ex6Control ACTION STOP (Execute)
1 - wsf2ex6 wsf2ex6Control EVENT STATUS (command)
1 - wsf2ex6 wsf2ex6Control ACTION STATUS (Execute)
1 - wsf2ex6 wsf2ex6Control EVENT ONLINE (command)
1 - wsf2ex6 wsf2ex6Control ACTION ONLINE (Execute)
1 - wsf2ex6 wsf2ex6Control STATE from STANDBY IDLE to ONLINE IDLE
1 - wsf2ex6 wsf2ex6Control EVENT ONLINE (command)
1 - wsf2ex6 wsf2ex6Control ACTION ONLINE (Execute)
1 - wsf2ex6 wsf2ex6Control EVENT STATUS (command)
1 - wsf2ex6 wsf2ex6Control ACTION STATUS (Execute)
1 - wsf2ex6 wsf2ex6Control EVENT INIT (command)
1 - wsf2ex6 wsf2ex6Control ACTION INIT (Execute)
1 - wsf2ex6 wsf2ex6Control ACTION DEBUG (Init)
1 - wsf2ex6 wsf2ex6Control ACTION EXIT (Init)
1 - wsf2ex6 wsf2ex6Control ACTION INIT (Init)
1 - wsf2ex6 wsf2ex6Control ACTION OFF (Init)
1 - wsf2ex6 wsf2ex6Control ACTION ONLINE (Init)
1 - wsf2ex6 wsf2ex6Control ACTION SELFTST (Init)
1 - wsf2ex6 wsf2ex6Control ACTION SIMULAT (Init)
1 - wsf2ex6 wsf2ex6Control ACTION STANDBY (Init)
1 - wsf2ex6 wsf2ex6Control ACTION STATE (Init)
1 - wsf2ex6 wsf2ex6Control ACTION STATUS (Init)
1 - wsf2ex6 wsf2ex6Control ACTION STOP (Init)
1 - wsf2ex6 wsf2ex6Control ACTION TRACE (Init)
1 - wsf2ex6 wsf2ex6Control ACTION VERBOSE (Init)
1 - wsf2ex6 wsf2ex6Control ACTION VERSION (Init)
1 - wsf2ex6 wsf2ex6Control STATE from ONLINE IDLE to LOADED IDLE
1 - wsf2ex6 wsf2ex6Control EVENT INIT (command)
1 - wsf2ex6 wsf2ex6Control ACTION INIT (Execute)
1 - wsf2ex6 wsf2ex6Control ACTION DEBUG (Init)
1 - wsf2ex6 wsf2ex6Control ACTION EXIT (Init)
1 - wsf2ex6 wsf2ex6Control ACTION INIT (Init)
1 - wsf2ex6 wsf2ex6Control ACTION OFF (Init)
1 - wsf2ex6 wsf2ex6Control ACTION ONLINE (Init)
1 - wsf2ex6 wsf2ex6Control ACTION SELFTST (Init)
1 - wsf2ex6 wsf2ex6Control ACTION SIMULAT (Init)
1 - wsf2ex6 wsf2ex6Control ACTION STANDBY (Init)
1 - wsf2ex6 wsf2ex6Control ACTION STATE (Init)
1 - wsf2ex6 wsf2ex6Control ACTION STATUS (Init)
1 - wsf2ex6 wsf2ex6Control ACTION STOP (Init)
1 - wsf2ex6 wsf2ex6Control ACTION TRACE (Init)
1 - wsf2ex6 wsf2ex6Control ACTION VERBOSE (Init)
1 - wsf2ex6 wsf2ex6Control ACTION VERSION (Init)
1 - wsf2ex6 wsf2ex6Control EVENT STATUS (command)
1 - wsf2ex6 wsf2ex6Control ACTION STATUS (Execute)
1 - wsf2ex6 wsf2ex6Control EVENT EXIT (command)
1 - wsf2ex6 wsf2ex6Control ACTION EXIT (Execute)
1 - wsf2ex6 wsf2ex6Control STATE from LOADED IDLE to OFF IDLE
1 - wsf2ex6 - Exiting from the main loop. Application quits.
